<html>
<body>
<pre>
<h1>µVision Build Log</h1>
<h2>Tool Versions:</h2>
IDE-Version: ¦ÌVision V5.35.0.0
Copyright (C) 2021 ARM Ltd and ARM Germany GmbH. All rights reserved.
License Information: Joe pill, usa, LIC=----
 
Tool Versions:
Toolchain:       MDK-Lite  Version: 5.35.0.2
Toolchain Path:  C:\Keil_v5\ARM\ARMCC\Bin
C Compiler:      Armcc.exe V5.06 update 7 (build 960)
Assembler:       Armasm.exe V5.06 update 7 (build 960)
Linker/Locator:  ArmLink.exe V5.06 update 7 (build 960)
Library Manager: ArmAr.exe V5.06 update 7 (build 960)
Hex Converter:   FromElf.exe V5.06 update 7 (build 960)
CPU DLL:         SARMCM3.DLL V5.35.0.2
Dialog DLL:      DARMCM1.DLL V1.19.4.0
Target DLL:      Segger\JL2CM3.dll V2.99.40.0
Dialog DLL:      TARMCM1.DLL V1.14.4.0
 
<h2>Project:</h2>
C:\Users\pillow\Downloads\HK32F030Mxx_Library_V1.1.3\HK32F030M_Project\Maomi.uvprojx
Project File Date:  10/14/2024

<h2>Output:</h2>
*** Using Compiler 'V5.06 update 7 (build 960)', folder: 'C:\Keil_v5\ARM\ARMCC\Bin'
Rebuild target 'Template'
compiling hk32f030m_it.c...
assembling KEIL_Startup_hk32f030m.s...
compiling led.c...
compiling protocol.c...
compiling hk32f030m_beep.c...
compiling system.c...
compiling mcu_api.c...
compiling hk32f030m_awu.c...
compiling delay.c...
compiling hk32f030m_crc.c...
compiling system_hk32f030m.c...
compiling motor.c...
compiling hk32f030m_dbgmcu.c...
compiling beep.c...
compiling usart.c...
compiling hk32f030m_adc.c...
compiling hk32f030m_exti.c...
compiling hk32f030m_iwdg.c...
compiling hk32f030m_gpio.c...
compiling hk32f030m_misc.c...
compiling hk32f030m_i2c.c...
compiling hk32f030m_flash.c...
compiling hk32f030m_pwr.c...
compiling hk32f030m_syscfg.c...
compiling hk32f030m_wwdg.c...
compiling main.c...
compiling hk32f030m_spi.c...
compiling hk32f030m_rcc.c...
compiling hk32f030m_usart.c...
compiling hk32f030m_tim.c...
linking...
Program Size: Code=5788 RO-data=428 RW-data=32 ZI-data=624  
FromELF: creating hex file...
".\Objects\Template.axf" - 0 Error(s), 0 Warning(s).

<h2>Software Packages used:</h2>

Package Vendor: HKMicroChip
                http://www.hsxp-hk.com/companyfile/2/HKMicroChip.HK32F030Mxx_DFP.1.0.12.pack
                HKMicroChip.HK32F030Mxx_DFP.1.0.12
                HKMicroChip HK32F030M ARM Cortex-M0 Device Family Pack Device Support

<h2>Collection of Component include folders:</h2>

<h2>Collection of Component Files used:</h2>
Build Time Elapsed:  00:00:03
</pre>
</body>
</html>
